MO alu_1b_MUSER_alu_4b NULL alu_4b.vf vlg69/alu__1b___m_u_s_e_r__alu__4b.bin 1553013075
MO alu_1b NULL alu_1b.vf vlg00/alu__1b.bin 1553013075
MO alu_4b NULL alu_4b.vf vlg0F/alu__4b.bin 1553013075
MO M4_1E_MXILINX_alu_1b NULL alu_1b.vf vlg35/_m4__1_e___m_x_i_l_i_n_x__alu__1b.bin 1553013075
MO add1b_MUSER_alu_1b NULL alu_1b.vf vlg1A/add1b___m_u_s_e_r__alu__1b.bin 1553013075
MO M4_1E_MXILINX_alu_4b NULL alu_4b.vf vlg44/_m4__1_e___m_x_i_l_i_n_x__alu__4b.bin 1553013075
MO add1b_MUSER_alu_4b NULL alu_4b.vf vlg29/add1b___m_u_s_e_r__alu__4b.bin 1553013075
MO add1b NULL add1b.vf vlg40/add1b.bin 1553013075
MO M2_1E_MXILINX_alu_1b NULL alu_1b.vf vlg03/_m2__1_e___m_x_i_l_i_n_x__alu__1b.bin 1553013075
MO M2_1E_MXILINX_alu_4b NULL alu_4b.vf vlg12/_m2__1_e___m_x_i_l_i_n_x__alu__4b.bin 1553013075
MO M2_1_MXILINX_alu_1b NULL alu_1b.vf vlg16/_m2__1___m_x_i_l_i_n_x__alu__1b.bin 1553013075
MO M2_1_MXILINX_alu_4b NULL alu_4b.vf vlg25/_m2__1___m_x_i_l_i_n_x__alu__4b.bin 1553013075
